[2026-07-08 19:18:41] daemon started
[2026-07-08 19:18:41] next reminder at 2026-07-08T21:25:00+08:00
[2026-07-08 19:22:57] show reminder
[2026-07-08 19:23:30] dismissed reminder
[2026-07-08 19:23:49] show reminder
[2026-07-08 19:24:35] dismissed reminder
[2026-07-08 19:26:38] daemon started
[2026-07-08 19:26:38] next reminder at 2026-07-08T19:27:00+08:00
[2026-07-08 19:27:00] show reminder
[2026-07-08 19:27:02] osascript focus failed: Command '['osascript', '-e', 'tell application "System Events" to set frontmost of first process whose unix id is 68498 to true']' timed out after 1.9999318330083042 seconds
[2026-07-08 19:27:05] osascript focus failed: Command '['osascript', '-e', 'tell application "System Events" to set frontmost of first process whose unix id is 68498 to true']' timed out after 1.9999112919904292 seconds
[2026-07-08 19:27:08] osascript focus failed: Command '['osascript', '-e', 'tell application "System Events" to set frontmost of first process whose unix id is 68498 to true']' timed out after 1.9999422498513013 seconds
[2026-07-08 19:27:11] osascript focus failed: Command '['osascript', '-e', 'tell application "System Events" to set frontmost of first process whose unix id is 68498 to true']' timed out after 1.9999476249795407 seconds
[2026-07-08 19:27:14] osascript focus failed: Command '['osascript', '-e', 'tell application "System Events" to set frontmost of first process whose unix id is 68498 to true']' timed out after 1.9999660421162844 seconds
[2026-07-08 19:27:17] osascript focus failed: Command '['osascript', '-e', 'tell application "System Events" to set frontmost of first process whose unix id is 68498 to true']' timed out after 1.9999471248593181 seconds
[2026-07-08 19:27:20] osascript focus failed: Command '['osascript', '-e', 'tell application "System Events" to set frontmost of first process whose unix id is 68498 to true']' timed out after 1.999941499903798 seconds
[2026-07-08 19:27:23] osascript focus failed: Command '['osascript', '-e', 'tell application "System Events" to set frontmost of first process whose unix id is 68498 to true']' timed out after 1.9999470000620931 seconds
[2026-07-08 19:27:26] osascript focus failed: Command '['osascript', '-e', 'tell application "System Events" to set frontmost of first process whose unix id is 68498 to true']' timed out after 1.999942708062008 seconds
[2026-07-08 19:27:29] osascript focus failed: Command '['osascript', '-e', 'tell application "System Events" to set frontmost of first process whose unix id is 68498 to true']' timed out after 1.99993074988015 seconds
[2026-07-08 19:27:32] osascript focus failed: Command '['osascript', '-e', 'tell application "System Events" to set frontmost of first process whose unix id is 68498 to true']' timed out after 1.9999339999631047 seconds
[2026-07-08 19:27:36] osascript focus failed: Command '['osascript', '-e', 'tell application "System Events" to set frontmost of first process whose unix id is 68498 to true']' timed out after 1.9999381250236183 seconds
[2026-07-08 19:27:39] osascript focus failed: Command '['osascript', '-e', 'tell application "System Events" to set frontmost of first process whose unix id is 68498 to true']' timed out after 1.999979249900207 seconds
[2026-07-08 19:27:42] osascript focus failed: Command '['osascript', '-e', 'tell application "System Events" to set frontmost of first process whose unix id is 68498 to true']' timed out after 1.999922040849924 seconds
[2026-07-08 19:27:45] osascript focus failed: Command '['osascript', '-e', 'tell application "System Events" to set frontmost of first process whose unix id is 68498 to true']' timed out after 1.9999457080848515 seconds
[2026-07-08 19:27:48] osascript focus failed: Command '['osascript', '-e', 'tell application "System Events" to set frontmost of first process whose unix id is 68498 to true']' timed out after 1.999892125139013 seconds
[2026-07-08 19:27:51] osascript focus failed: Command '['osascript', '-e', 'tell application "System Events" to set frontmost of first process whose unix id is 68498 to true']' timed out after 1.9999623340554535 seconds
[2026-07-08 19:27:54] osascript focus failed: Command '['osascript', '-e', 'tell application "System Events" to set frontmost of first process whose unix id is 68498 to true']' timed out after 1.9999400419183075 seconds
[2026-07-08 19:27:57] osascript focus failed: Command '['osascript', '-e', 'tell application "System Events" to set frontmost of first process whose unix id is 68498 to true']' timed out after 1.9999615829437971 seconds
[2026-07-08 19:28:00] osascript focus failed: Command '['osascript', '-e', 'tell application "System Events" to set frontmost of first process whose unix id is 68498 to true']' timed out after 1.999919667141512 seconds
[2026-07-08 19:28:03] osascript focus failed: Command '['osascript', '-e', 'tell application "System Events" to set frontmost of first process whose unix id is 68498 to true']' timed out after 1.9999687080271542 seconds
[2026-07-08 19:28:07] osascript focus failed: Command '['osascript', '-e', 'tell application "System Events" to set frontmost of first process whose unix id is 68498 to true']' timed out after 1.9999356670305133 seconds
[2026-07-08 19:28:10] osascript focus failed: Command '['osascript', '-e', 'tell application "System Events" to set frontmost of first process whose unix id is 68498 to true']' timed out after 1.999919957946986 seconds
[2026-07-08 19:28:13] osascript focus failed: Command '['osascript', '-e', 'tell application "System Events" to set frontmost of first process whose unix id is 68498 to true']' timed out after 1.999950832920149 seconds
[2026-07-08 19:28:16] osascript focus failed: Command '['osascript', '-e', 'tell application "System Events" to set frontmost of first process whose unix id is 68498 to true']' timed out after 1.999939874978736 seconds
[2026-07-08 19:28:19] osascript focus failed: Command '['osascript', '-e', 'tell application "System Events" to set frontmost of first process whose unix id is 68498 to true']' timed out after 1.9999397499486804 seconds
[2026-07-08 19:28:22] osascript focus failed: Command '['osascript', '-e', 'tell application "System Events" to set frontmost of first process whose unix id is 68498 to true']' timed out after 1.9999682500492781 seconds
[2026-07-08 19:28:25] osascript focus failed: Command '['osascript', '-e', 'tell application "System Events" to set frontmost of first process whose unix id is 68498 to true']' timed out after 1.9999446249566972 seconds
[2026-07-08 19:28:28] osascript focus failed: Command '['osascript', '-e', 'tell application "System Events" to set frontmost of first process whose unix id is 68498 to true']' timed out after 1.999946583993733 seconds
[2026-07-08 19:28:31] osascript focus failed: Command '['osascript', '-e', 'tell application "System Events" to set frontmost of first process whose unix id is 68498 to true']' timed out after 1.9999284578952938 seconds
[2026-07-08 19:28:34] osascript focus failed: Command '['osascript', '-e', 'tell application "System Events" to set frontmost of first process whose unix id is 68498 to true']' timed out after 1.9999432910699397 seconds
[2026-07-08 19:28:38] osascript focus failed: Command '['osascript', '-e', 'tell application "System Events" to set frontmost of first process whose unix id is 68498 to true']' timed out after 1.9999487500172108 seconds
[2026-07-08 19:28:41] osascript focus failed: Command '['osascript', '-e', 'tell application "System Events" to set frontmost of first process whose unix id is 68498 to true']' timed out after 1.999957958003506 seconds
[2026-07-08 19:28:44] osascript focus failed: Command '['osascript', '-e', 'tell application "System Events" to set frontmost of first process whose unix id is 68498 to true']' timed out after 1.9999322921503335 seconds
[2026-07-08 19:28:47] osascript focus failed: Command '['osascript', '-e', 'tell application "System Events" to set frontmost of first process whose unix id is 68498 to true']' timed out after 1.9998989158775657 seconds
[2026-07-08 19:28:50] osascript focus failed: Command '['osascript', '-e', 'tell application "System Events" to set frontmost of first process whose unix id is 68498 to true']' timed out after 1.999919458059594 seconds
[2026-07-08 19:28:53] osascript focus failed: Command '['osascript', '-e', 'tell application "System Events" to set frontmost of first process whose unix id is 68498 to true']' timed out after 1.999967125011608 seconds
[2026-07-08 19:28:56] osascript focus failed: Command '['osascript', '-e', 'tell application "System Events" to set frontmost of first process whose unix id is 68498 to true']' timed out after 1.9999407911673188 seconds
[2026-07-08 19:28:59] osascript focus failed: Command '['osascript', '-e', 'tell application "System Events" to set frontmost of first process whose unix id is 68498 to true']' timed out after 1.9999704998917878 seconds
[2026-07-08 19:29:03] osascript focus failed: Command '['osascript', '-e', 'tell application "System Events" to set frontmost of first process whose unix id is 68498 to true']' timed out after 1.9999341669026762 seconds
[2026-07-08 19:29:06] osascript focus failed: Command '['osascript', '-e', 'tell application "System Events" to set frontmost of first process whose unix id is 68498 to true']' timed out after 1.9999813330359757 seconds
[2026-07-08 19:29:09] osascript focus failed: Command '['osascript', '-e', 'tell application "System Events" to set frontmost of first process whose unix id is 68498 to true']' timed out after 1.999951957957819 seconds
[2026-07-08 19:29:12] osascript focus failed: Command '['osascript', '-e', 'tell application "System Events" to set frontmost of first process whose unix id is 68498 to true']' timed out after 1.9999405830167234 seconds
[2026-07-08 19:29:15] osascript focus failed: Command '['osascript', '-e', 'tell application "System Events" to set frontmost of first process whose unix id is 68498 to true']' timed out after 1.9999477500095963 seconds
[2026-07-08 19:29:18] osascript focus failed: Command '['osascript', '-e', 'tell application "System Events" to set frontmost of first process whose unix id is 68498 to true']' timed out after 1.9999456661753356 seconds
[2026-07-08 19:29:21] osascript focus failed: Command '['osascript', '-e', 'tell application "System Events" to set frontmost of first process whose unix id is 68498 to true']' timed out after 1.999945417046547 seconds
[2026-07-08 19:29:25] osascript focus failed: Command '['osascript', '-e', 'tell application "System Events" to set frontmost of first process whose unix id is 68498 to true']' timed out after 1.9999519169796258 seconds
[2026-07-08 19:29:28] osascript focus failed: Command '['osascript', '-e', 'tell application "System Events" to set frontmost of first process whose unix id is 68498 to true']' timed out after 1.9999046670272946 seconds
[2026-07-08 19:29:31] osascript focus failed: Command '['osascript', '-e', 'tell application "System Events" to set frontmost of first process whose unix id is 68498 to true']' timed out after 1.9999231658875942 seconds
[2026-07-08 19:29:34] osascript focus failed: Command '['osascript', '-e', 'tell application "System Events" to set frontmost of first process whose unix id is 68498 to true']' timed out after 1.99990633293055 seconds
[2026-07-08 19:29:39] osascript focus failed: Command '['osascript', '-e', 'tell application "System Events" to set frontmost of first process whose unix id is 68498 to true']' timed out after 1.9999397909268737 seconds
[2026-07-08 19:29:42] osascript focus failed: Command '['osascript', '-e', 'tell application "System Events" to set frontmost of first process whose unix id is 68498 to true']' timed out after 1.9999115418177098 seconds
[2026-07-08 19:29:45] osascript focus failed: Command '['osascript', '-e', 'tell application "System Events" to set frontmost of first process whose unix id is 68498 to true']' timed out after 1.9999492499046028 seconds
[2026-07-08 19:29:48] osascript focus failed: Command '['osascript', '-e', 'tell application "System Events" to set frontmost of first process whose unix id is 68498 to true']' timed out after 1.9999018330127 seconds
[2026-07-08 19:29:51] osascript focus failed: Command '['osascript', '-e', 'tell application "System Events" to set frontmost of first process whose unix id is 68498 to true']' timed out after 1.9999372500460595 seconds
[2026-07-08 19:29:55] osascript focus failed: Command '['osascript', '-e', 'tell application "System Events" to set frontmost of first process whose unix id is 68498 to true']' timed out after 1.9999525418970734 seconds
[2026-07-08 19:29:58] osascript focus failed: Command '['osascript', '-e', 'tell application "System Events" to set frontmost of first process whose unix id is 68498 to true']' timed out after 1.9999178750440478 seconds
[2026-07-08 19:30:01] osascript focus failed: Command '['osascript', '-e', 'tell application "System Events" to set frontmost of first process whose unix id is 68498 to true']' timed out after 1.9999331671278924 seconds
[2026-07-08 19:30:04] osascript focus failed: Command '['osascript', '-e', 'tell application "System Events" to set frontmost of first process whose unix id is 68498 to true']' timed out after 1.999929124955088 seconds
[2026-07-08 19:30:07] osascript focus failed: Command '['osascript', '-e', 'tell application "System Events" to set frontmost of first process whose unix id is 68498 to true']' timed out after 1.999951332807541 seconds
[2026-07-08 19:30:10] osascript focus failed: Command '['osascript', '-e', 'tell application "System Events" to set frontmost of first process whose unix id is 68498 to true']' timed out after 1.9999411669559777 seconds
[2026-07-08 19:30:13] osascript focus failed: Command '['osascript', '-e', 'tell application "System Events" to set frontmost of first process whose unix id is 68498 to true']' timed out after 1.9999776249751449 seconds
[2026-07-08 19:30:13] dismissed reminder
[2026-07-08 19:31:14] next reminder at 2026-07-09T19:27:00+08:00
[2026-07-08 19:31:42] daemon started
[2026-07-08 19:31:42] next reminder at 2026-07-09T19:27:00+08:00
[2026-07-08 19:34:47] daemon started
[2026-07-08 19:34:47] next reminder at 2026-07-08T19:36:00+08:00
[2026-07-08 19:36:00] show reminder
[2026-07-08 19:36:23] dismissed reminder
[2026-07-08 19:37:11] daemon started
[2026-07-08 19:37:11] next reminder at 2026-07-09T19:36:00+08:00
[2026-07-08 19:39:59] daemon started
[2026-07-08 19:39:59] next reminder at 2026-07-09T19:36:00+08:00
[2026-07-08 19:40:26] config changed; recomputing next reminder
[2026-07-08 19:40:26] next reminder at 2026-07-09T19:36:00+08:00
[2026-07-08 19:44:51] daemon started
[2026-07-08 19:44:51] next reminder at 2026-07-08T19:45:00+08:00
[2026-07-08 19:45:00] show reminder
[2026-07-08 19:46:02] dismissed reminder
[2026-07-08 19:47:02] next reminder at 2026-07-09T19:45:00+08:00
[2026-07-08 19:52:13] daemon started
[2026-07-08 19:52:13] next reminder at 2026-07-09T19:45:00+08:00
[2026-07-08 20:06:32] daemon started
[2026-07-08 20:06:32] next reminder at 2026-07-08T20:08:00+08:00
[2026-07-08 20:08:00] show reminder
[2026-07-08 20:08:59] dismissed reminder
[2026-07-08 20:08:59] reminder process exited with code 0
[2026-07-08 20:09:37] daemon started
[2026-07-08 20:09:37] next reminder at 2026-07-08T21:25:00+08:00
[2026-07-08 20:33:23] daemon started
[2026-07-08 20:33:23] next reminder at 2026-07-08T21:25:00+08:00
[2026-07-08 20:51:07] daemon started
[2026-07-08 20:51:07] next reminder at 2026-07-08T21:25:00+08:00
[2026-07-08 21:25:00] show reminder
[2026-07-08 21:26:43] dismissed reminder
[2026-07-08 21:26:43] reminder process exited with code 0
[2026-07-08 21:27:43] next reminder at 2026-07-09T21:25:00+08:00
[2026-07-09 21:25:00] show reminder
[2026-07-09 21:26:02] dismissed reminder
[2026-07-09 21:26:02] reminder process exited with code 0
[2026-07-09 21:27:02] next reminder at 2026-07-10T21:25:00+08:00
[2026-07-10 21:25:00] show reminder
[2026-07-10 21:25:23] dismissed reminder
[2026-07-10 21:25:23] reminder process exited with code 0
[2026-07-10 21:26:23] next reminder at 2026-07-11T21:25:00+08:00
[2026-07-10 22:16:24] daemon started
[2026-07-10 22:16:24] next reminder at 2026-07-11T21:25:00+08:00
[2026-07-11 21:25:00] show reminder
[2026-07-11 21:26:09] dismissed reminder
[2026-07-11 21:26:09] reminder process exited with code 0
[2026-07-11 21:27:09] next reminder at 2026-07-12T21:25:00+08:00
[2026-07-12 21:31:38] show reminder
[2026-07-12 22:20:23] dismissed reminder
[2026-07-12 22:20:23] reminder process exited with code 0
[2026-07-12 22:21:23] next reminder at 2026-07-13T21:25:00+08:00
[2026-07-13 21:25:00] show reminder
[2026-07-13 21:26:02] dismissed reminder
[2026-07-13 21:26:02] reminder process exited with code 0
[2026-07-13 21:27:02] next reminder at 2026-07-14T21:25:00+08:00
[2026-07-14 21:25:00] show reminder
[2026-07-14 21:25:07] reminder process exited with code 0
[2026-07-14 21:26:07] next reminder at 2026-07-15T21:25:00+08:00
[2026-07-15 21:25:00] show reminder
[2026-07-15 21:26:16] dismissed reminder
[2026-07-15 21:26:16] reminder process exited with code 0
[2026-07-15 21:27:16] next reminder at 2026-07-16T21:25:00+08:00
[2026-07-16 21:25:00] show reminder
[2026-07-16 21:29:18] dismissed reminder
[2026-07-16 21:29:18] reminder process exited with code 0
[2026-07-16 21:30:18] next reminder at 2026-07-17T21:25:00+08:00
[2026-07-17 21:25:00] show reminder
[2026-07-17 21:25:05] reminder process exited with code 0
[2026-07-17 21:26:05] next reminder at 2026-07-18T21:25:00+08:00
[2026-07-18 21:25:00] show reminder
[2026-07-18 21:25:39] dismissed reminder
[2026-07-18 21:25:39] reminder process exited with code 0
